// Vitest Snapshot v1, https://vitest.dev/guide/snapshot.html

exports[`MarketplaceFilters - Snapshots > matches the default filter snapshot 1`] = `
<section
  aria-label="Marketplace filters"
  class="flex flex-col gap-4"
>
  <div
    class="flex flex-col gap-3 lg:flex-row lg:items-center"
  >
    <label
      class="relative min-w-0 flex-1"
    >
      <span
        class="sr-only"
      >
        Search marketplace
      </span>
      <svg
        aria-hidden="true"
        class="lucide lucide-search absolute top-1/2 left-3 size-4 -translate-y-1/2 text-muted-foreground"
        fill="none"
        height="24"
        stroke="currentColor"
        stroke-linecap="round"
        stroke-linejoin="round"
        stroke-width="2"
        viewBox="0 0 24 24"
        width="24"
        xmlns="http://www.w3.org/2000/svg"
      >
        <path
          d="m21 21-4.34-4.34"
        />
        <circle
          cx="11"
          cy="11"
          r="8"
        />
      </svg>
      <input
        class="flex w-full min-w-0 border border-input px-3 py-1 text-base shadow-xs transition-[color,box-shadow] outline-none selection:bg-primary selection:text-primary-foreground file:inline-flex file:h-7 file:border-0 file:bg-transparent file:text-sm file:font-medium file:text-foreground placeholder:text-input disabled:pointer-events-none disabled:cursor-not-allowed disabled:opacity-50 hover:ring-0 hover:outline-none focus:ring-0 focus:ring-offset-0 focus:outline-none aria-invalid:border-destructive aria-invalid:ring-destructive/40 h-11 rounded-full bg-card pr-4 pl-10"
        data-testid="input"
        placeholder="Search items, styles, or sellers"
        value=""
      />
    </label>
    <div
      class="flex items-center gap-2"
    >
      <button
        aria-autocomplete="none"
        aria-controls="radix-normalized"
        aria-expanded="false"
        aria-label="Sale format"
        class="flex w-fit cursor-pointer items-center justify-between gap-2.5 bg-transparent py-2 text-base font-bold whitespace-nowrap text-foreground transition-colors outline-none select-none focus-visible:border-ring focus-visible:ring-1 focus-visible:ring-ring/50 disabled:cursor-not-allowed disabled:opacity-50 aria-invalid:border-destructive aria-invalid:ring-1 aria-invalid:ring-destructive/20 data-placeholder:text-muted-foreground data-[size=default]:h-8 data-[size=sm]:h-7 data-[size=sm]:rounded-[min(var(--radius-md),10px)] *:data-[slot=select-value]:line-clamp-1 *:data-[slot=select-value]:flex *:data-[slot=select-value]:items-center *:data-[slot=select-value]:gap-1.5 dark:aria-invalid:border-destructive/50 dark:aria-invalid:ring-destructive/40 [&_svg]:pointer-events-none [&_svg]:shrink-0 [&_svg:not([class*='size-'])]:size-4 h-11 min-w-32 rounded-full border px-4"
        data-size="default"
        data-slot="select-trigger"
        data-state="closed"
        dir="ltr"
        role="combobox"
        type="button"
      >
        <span
          data-slot="select-value"
          style="pointer-events: none;"
        >
          All formats
        </span>
        <svg
          aria-hidden="true"
          class="lucide lucide-chevron-down pointer-events-none size-4"
          fill="none"
          height="24"
          stroke="currentColor"
          stroke-linecap="round"
          stroke-linejoin="round"
          stroke-width="2"
          viewBox="0 0 24 24"
          width="24"
          xmlns="http://www.w3.org/2000/svg"
        >
          <path
            d="m6 9 6 6 6-6"
          />
        </svg>
      </button>
      <button
        aria-autocomplete="none"
        aria-controls="radix-normalized"
        aria-expanded="false"
        aria-label="Sort marketplace"
        class="flex w-fit cursor-pointer items-center justify-between gap-2.5 bg-transparent py-2 text-base font-bold whitespace-nowrap text-foreground transition-colors outline-none select-none focus-visible:border-ring focus-visible:ring-1 focus-visible:ring-ring/50 disabled:cursor-not-allowed disabled:opacity-50 aria-invalid:border-destructive aria-invalid:ring-1 aria-invalid:ring-destructive/20 data-placeholder:text-muted-foreground data-[size=default]:h-8 data-[size=sm]:h-7 data-[size=sm]:rounded-[min(var(--radius-md),10px)] *:data-[slot=select-value]:line-clamp-1 *:data-[slot=select-value]:flex *:data-[slot=select-value]:items-center *:data-[slot=select-value]:gap-1.5 dark:aria-invalid:border-destructive/50 dark:aria-invalid:ring-destructive/40 [&_svg]:pointer-events-none [&_svg]:shrink-0 [&_svg:not([class*='size-'])]:size-4 h-11 min-w-32 rounded-full border px-4"
        data-size="default"
        data-slot="select-trigger"
        data-state="closed"
        dir="ltr"
        role="combobox"
        type="button"
      >
        <span
          data-slot="select-value"
          style="pointer-events: none;"
        >
          Recommended
        </span>
        <svg
          aria-hidden="true"
          class="lucide lucide-chevron-down pointer-events-none size-4"
          fill="none"
          height="24"
          stroke="currentColor"
          stroke-linecap="round"
          stroke-linejoin="round"
          stroke-width="2"
          viewBox="0 0 24 24"
          width="24"
          xmlns="http://www.w3.org/2000/svg"
        >
          <path
            d="m6 9 6 6 6-6"
          />
        </svg>
      </button>
      <div
        aria-label="Listing layout"
        class="hidden items-center rounded-full border bg-card p-1 sm:flex"
      >
        <button
          aria-label="Grid view"
          aria-pressed="false"
          class="inline-flex items-center justify-center gap-2 whitespace-nowrap text-sm transition-all disabled:pointer-events-none disabled:opacity-50 [&_svg]:pointer-events-none [&_svg:not([class*=\\"size-\\"])]:size-4 shrink-0 [&_svg]:shrink-0 outline-none focus-visible:border-ring focus-visible:ring-ring/50 focus-visible:ring-[3px] aria-invalid:ring-destructive/40 aria-invalid:border-destructive font-semibold cursor-pointer border shadow-xs hover:text-accent-foreground hover:bg-accent/50 border-none size-8 rounded-full"
          data-size="icon"
          data-slot="button"
          data-variant="ghost"
        >
          <svg
            aria-hidden="true"
            class="lucide lucide-grid2x2 lucide-grid-2x2 size-4"
            fill="none"
            height="24"
            stroke="currentColor"
            stroke-linecap="round"
            stroke-linejoin="round"
            stroke-width="2"
            viewBox="0 0 24 24"
            width="24"
            xmlns="http://www.w3.org/2000/svg"
          >
            <path
              d="M12 3v18"
            />
            <path
              d="M3 12h18"
            />
            <rect
              height="18"
              rx="2"
              width="18"
              x="3"
              y="3"
            />
          </svg>
        </button>
        <button
          aria-label="List view"
          aria-pressed="true"
          class="inline-flex items-center justify-center gap-2 whitespace-nowrap text-sm transition-all disabled:pointer-events-none disabled:opacity-50 [&_svg]:pointer-events-none [&_svg:not([class*=\\"size-\\"])]:size-4 shrink-0 [&_svg]:shrink-0 outline-none focus-visible:border-ring focus-visible:ring-ring/50 focus-visible:ring-[3px] aria-invalid:ring-destructive/40 aria-invalid:border-destructive font-semibold cursor-pointer border shadow-xs bg-secondary text-secondary-foreground hover:bg-accent size-8 rounded-full"
          data-size="icon"
          data-slot="button"
          data-variant="secondary"
        >
          <svg
            aria-hidden="true"
            class="lucide lucide-list size-4"
            fill="none"
            height="24"
            stroke="currentColor"
            stroke-linecap="round"
            stroke-linejoin="round"
            stroke-width="2"
            viewBox="0 0 24 24"
            width="24"
            xmlns="http://www.w3.org/2000/svg"
          >
            <path
              d="M3 5h.01"
            />
            <path
              d="M3 12h.01"
            />
            <path
              d="M3 19h.01"
            />
            <path
              d="M8 5h13"
            />
            <path
              d="M8 12h13"
            />
            <path
              d="M8 19h13"
            />
          </svg>
        </button>
      </div>
    </div>
  </div>
  <div
    class="flex items-center gap-2 overflow-x-auto pb-1"
  >
    <button
      class="inline-flex items-center justify-center whitespace-nowrap text-sm transition-all disabled:pointer-events-none disabled:opacity-50 [&_svg]:pointer-events-none [&_svg:not([class*=\\"size-\\"])]:size-4 [&_svg]:shrink-0 outline-none focus-visible:border-ring focus-visible:ring-ring/50 focus-visible:ring-[3px] aria-invalid:ring-destructive/40 aria-invalid:border-destructive font-semibold cursor-pointer border shadow-xs bg-brand/16 text-brand hover:!bg-brand/30 border-brand h-8 gap-1.5 px-3 has-[>svg]:px-3.5 shrink-0 rounded-full"
      data-size="sm"
      data-slot="button"
      data-variant="default"
    >
      All
    </button>
    <button
      class="inline-flex items-center justify-center whitespace-nowrap text-sm transition-all disabled:pointer-events-none disabled:opacity-50 [&_svg]:pointer-events-none [&_svg:not([class*=\\"size-\\"])]:size-4 [&_svg]:shrink-0 outline-none focus-visible:border-ring focus-visible:ring-ring/50 focus-visible:ring-[3px] aria-invalid:ring-destructive/40 aria-invalid:border-destructive font-semibold cursor-pointer border shadow-xs bg-secondary text-secondary-foreground hover:bg-accent h-8 gap-1.5 px-3 has-[>svg]:px-3.5 shrink-0 rounded-full"
      data-size="sm"
      data-slot="button"
      data-variant="secondary"
    >
      Fashion
    </button>
    <button
      class="inline-flex items-center justify-center whitespace-nowrap text-sm transition-all disabled:pointer-events-none disabled:opacity-50 [&_svg]:pointer-events-none [&_svg:not([class*=\\"size-\\"])]:size-4 [&_svg]:shrink-0 outline-none focus-visible:border-ring focus-visible:ring-ring/50 focus-visible:ring-[3px] aria-invalid:ring-destructive/40 aria-invalid:border-destructive font-semibold cursor-pointer border shadow-xs bg-secondary text-secondary-foreground hover:bg-accent h-8 gap-1.5 px-3 has-[>svg]:px-3.5 shrink-0 rounded-full"
      data-size="sm"
      data-slot="button"
      data-variant="secondary"
    >
      Electronics
    </button>
    <button
      class="inline-flex items-center justify-center whitespace-nowrap text-sm transition-all disabled:pointer-events-none disabled:opacity-50 [&_svg]:pointer-events-none [&_svg:not([class*=\\"size-\\"])]:size-4 [&_svg]:shrink-0 outline-none focus-visible:border-ring focus-visible:ring-ring/50 focus-visible:ring-[3px] aria-invalid:ring-destructive/40 aria-invalid:border-destructive font-semibold cursor-pointer border shadow-xs bg-secondary text-secondary-foreground hover:bg-accent h-8 gap-1.5 px-3 has-[>svg]:px-3.5 shrink-0 rounded-full"
      data-size="sm"
      data-slot="button"
      data-variant="secondary"
    >
      Home
    </button>
    <button
      class="inline-flex items-center justify-center whitespace-nowrap text-sm transition-all disabled:pointer-events-none disabled:opacity-50 [&_svg]:pointer-events-none [&_svg:not([class*=\\"size-\\"])]:size-4 [&_svg]:shrink-0 outline-none focus-visible:border-ring focus-visible:ring-ring/50 focus-visible:ring-[3px] aria-invalid:ring-destructive/40 aria-invalid:border-destructive font-semibold cursor-pointer border shadow-xs bg-secondary text-secondary-foreground hover:bg-accent h-8 gap-1.5 px-3 has-[>svg]:px-3.5 shrink-0 rounded-full"
      data-size="sm"
      data-slot="button"
      data-variant="secondary"
    >
      Collectibles
    </button>
  </div>
  <div
    class="flex items-center justify-between gap-4"
  >
    <p
      aria-live="polite"
      class="font-medium text-sm text-muted-foreground"
      data-testid="typography"
    >
      8
       
      items
    </p>
    <div
      class="flex items-center gap-2 text-sm text-muted-foreground"
    >
      <svg
        aria-hidden="true"
        class="lucide lucide-sliders-horizontal size-4"
        fill="none"
        height="24"
        stroke="currentColor"
        stroke-linecap="round"
        stroke-linejoin="round"
        stroke-width="2"
        viewBox="0 0 24 24"
        width="24"
        xmlns="http://www.w3.org/2000/svg"
      >
        <path
          d="M10 5H3"
        />
        <path
          d="M12 19H3"
        />
        <path
          d="M14 3v4"
        />
        <path
          d="M16 17v4"
        />
        <path
          d="M21 12h-9"
        />
        <path
          d="M21 19h-5"
        />
        <path
          d="M21 5h-7"
        />
        <path
          d="M8 10v4"
        />
        <path
          d="M8 12H3"
        />
      </svg>
      Curated local marketplace
    </div>
  </div>
</section>
`;
